  111.cpp
  OJ  Task作业.cpp
E:\Project\Project1\Project1\111.cpp(46,1): error C2059: 语法错误:“while”
E:\Project\Project1\Project1\111.cpp(46,50): error C2143: 语法错误: 缺少“;”(在“{”的前面)
E:\Project\Project1\Project1\111.cpp(46,50): error C2447: “{”: 缺少函数标题(是否是老式的形式表?)
E:\Project\Project1\Project1\111.cpp(57,1): error C2059: 语法错误:“while”
E:\Project\Project1\Project1\111.cpp(57,40): error C2143: 语法错误: 缺少“;”(在“{”的前面)
E:\Project\Project1\Project1\111.cpp(57,40): error C2447: “{”: 缺少函数标题(是否是老式的形式表?)
E:\Project\Project1\Project1\111.cpp(66,1): error C1004: 发现意外的文件尾
E:\Project\Project1\Project1\OJ  Task作业.cpp(386,10): warning C4267: “初始化”: 从“size_t”转换到“int”，可能丢失数据
  习题.cpp
E:\Project\Project1\Project1\习题.cpp(28,1): error C2059: 语法错误:“}”
E:\Project\Project1\Project1\习题.cpp(30,6): error C2084: 函数“void task1(void)”已有主体
      E:\Project\Project1\Project1\习题.cpp(6,6):
      参见“task1”的前一个定义
  
E:\Project\Project1\Project1\习题.cpp(44,6): error C2084: 函数“void task2(void)”已有主体
      E:\Project\Project1\Project1\习题.cpp(12,6):
      参见“task2”的前一个定义
  
E:\Project\Project1\Project1\习题.cpp(59,6): error C2084: 函数“void task3(void)”已有主体
      E:\Project\Project1\Project1\习题.cpp(24,6):
      参见“task3”的前一个定义
  
E:\Project\Project1\Project1\习题.cpp(122,11): warning C4244: “初始化”: 从“float”转换到“int”，可能丢失数据
E:\Project\Project1\Project1\习题.cpp(260,15): warning C4244: “初始化”: 从“double”转换到“int”，可能丢失数据
  测试题.cpp
  正在生成代码...
